
> client@0.1.0 dev
> next dev

 ⚠ Port 3000 is in use, using available port 3001 instead.
   ▲ Next.js 15.3.3
   - Local:        http://localhost:3001
   - Network:      http://10.255.255.254:3001
   - Environments: .env.local

 ✓ Starting...
 ⚠ Invalid next.config.ts options detected: 
 ⚠     Unrecognized key(s) in object: 'webpackDevMiddleware'
 ⚠ See more info here: https://nextjs.org/docs/messages/invalid-next-config
[Error: EACCES: permission denied, open '/home/rma1990/Development/Banyan/beacon/client/.next/cache/.rscinfo'] {
  errno: -13,
  code: 'EACCES',
  syscall: 'open',
  path: '/home/rma1990/Development/Banyan/beacon/client/.next/cache/.rscinfo'
}
node:events:496
      throw er; // Unhandled 'error' event
      ^

Error: EACCES: permission denied, open '/home/rma1990/Development/Banyan/beacon/client/.next/trace'
Emitted 'error' event on WriteStream instance at:
    at emitErrorNT (node:internal/streams/destroy:170:8)
    at emitErrorCloseNT (node:internal/streams/destroy:129:3)
    at process.processTicksAndRejections (node:internal/process/task_queues:90:21) {
  errno: -13,
  code: 'EACCES',
  syscall: 'open',
  path: '/home/rma1990/Development/Banyan/beacon/client/.next/trace'
}

Node.js v22.17.0
